../MCAL/USART/USART.c:14:6:MCAL_UART_GPIO_Set_Pins	24	static
../MCAL/USART/USART.c:136:6:MCAL_USART_Init	24	static
../MCAL/USART/USART.c:182:6:MCAL_USART_DeInit	16	static
../MCAL/USART/USART.c:204:6:MCAL_USART_Transmit	24	static
../MCAL/USART/USART.c:222:6:MCAL_USART_Transmit_String	32	static
../MCAL/USART/USART.c:252:6:MCAL_USART_Receive	24	static
../MCAL/USART/USART.c:293:6:MCAL_USART_TransmitComplete	16	static
../MCAL/USART/USART.c:309:6:USART1_IRQHandler	8	static
../MCAL/USART/USART.c:316:6:USART2_IRQHandler	8	static
../MCAL/USART/USART.c:321:6:USART3_IRQHandler	8	static
