Archive member included to satisfy reference by file (symbol)

c:/st/stm32cubeide_1.12.0/stm32cubeide/plugins/com.st.stm32cube.ide.mcu.externaltools.gnu-tools-for-stm32.10.3-2021.10.win32_1.0.200.202301161003/tools/bin/../lib/gcc/arm-none-eabi/10.3.1/../../../../arm-none-eabi/lib/thumb/v7-m/nofp\libc_nano.a(lib_a-errno.o)
                              ./Src/syscalls.o (__errno)
c:/st/stm32cubeide_1.12.0/stm32cubeide/plugins/com.st.stm32cube.ide.mcu.externaltools.gnu-tools-for-stm32.10.3-2021.10.win32_1.0.200.202301161003/tools/bin/../lib/gcc/arm-none-eabi/10.3.1/../../../../arm-none-eabi/lib/thumb/v7-m/nofp\libc_nano.a(lib_a-exit.o)
                              c:/st/stm32cubeide_1.12.0/stm32cubeide/plugins/com.st.stm32cube.ide.mcu.externaltools.gnu-tools-for-stm32.10.3-2021.10.win32_1.0.200.202301161003/tools/bin/../lib/gcc/arm-none-eabi/10.3.1/../../../../arm-none-eabi/lib/thumb/v7-m/nofp/crt0.o (exit)
c:/st/stm32cubeide_1.12.0/stm32cubeide/plugins/com.st.stm32cube.ide.mcu.externaltools.gnu-tools-for-stm32.10.3-2021.10.win32_1.0.200.202301161003/tools/bin/../lib/gcc/arm-none-eabi/10.3.1/../../../../arm-none-eabi/lib/thumb/v7-m/nofp\libc_nano.a(lib_a-impure.o)
                              c:/st/stm32cubeide_1.12.0/stm32cubeide/plugins/com.st.stm32cube.ide.mcu.externaltools.gnu-tools-for-stm32.10.3-2021.10.win32_1.0.200.202301161003/tools/bin/../lib/gcc/arm-none-eabi/10.3.1/../../../../arm-none-eabi/lib/thumb/v7-m/nofp\libc_nano.a(lib_a-exit.o) (_global_impure_ptr)
c:/st/stm32cubeide_1.12.0/stm32cubeide/plugins/com.st.stm32cube.ide.mcu.externaltools.gnu-tools-for-stm32.10.3-2021.10.win32_1.0.200.202301161003/tools/bin/../lib/gcc/arm-none-eabi/10.3.1/../../../../arm-none-eabi/lib/thumb/v7-m/nofp\libc_nano.a(lib_a-init.o)
                              c:/st/stm32cubeide_1.12.0/stm32cubeide/plugins/com.st.stm32cube.ide.mcu.externaltools.gnu-tools-for-stm32.10.3-2021.10.win32_1.0.200.202301161003/tools/bin/../lib/gcc/arm-none-eabi/10.3.1/../../../../arm-none-eabi/lib/thumb/v7-m/nofp/crt0.o (__libc_init_array)
c:/st/stm32cubeide_1.12.0/stm32cubeide/plugins/com.st.stm32cube.ide.mcu.externaltools.gnu-tools-for-stm32.10.3-2021.10.win32_1.0.200.202301161003/tools/bin/../lib/gcc/arm-none-eabi/10.3.1/../../../../arm-none-eabi/lib/thumb/v7-m/nofp\libc_nano.a(lib_a-memset.o)
                              c:/st/stm32cubeide_1.12.0/stm32cubeide/plugins/com.st.stm32cube.ide.mcu.externaltools.gnu-tools-for-stm32.10.3-2021.10.win32_1.0.200.202301161003/tools/bin/../lib/gcc/arm-none-eabi/10.3.1/../../../../arm-none-eabi/lib/thumb/v7-m/nofp/crt0.o (memset)

Discarded input sections

 .text          0x0000000000000000        0x0 c:/st/stm32cubeide_1.12.0/stm32cubeide/plugins/com.st.stm32cube.ide.mcu.externaltools.gnu-tools-for-stm32.10.3-2021.10.win32_1.0.200.202301161003/tools/bin/../lib/gcc/arm-none-eabi/10.3.1/thumb/v7-m/nofp/crti.o
 .data          0x0000000000000000        0x0 c:/st/stm32cubeide_1.12.0/stm32cubeide/plugins/com.st.stm32cube.ide.mcu.externaltools.gnu-tools-for-stm32.10.3-2021.10.win32_1.0.200.202301161003/tools/bin/../lib/gcc/arm-none-eabi/10.3.1/thumb/v7-m/nofp/crti.o
 .bss           0x0000000000000000        0x0 c:/st/stm32cubeide_1.12.0/stm32cubeide/plugins/com.st.stm32cube.ide.mcu.externaltools.gnu-tools-for-stm32.10.3-2021.10.win32_1.0.200.202301161003/tools/bin/../lib/gcc/arm-none-eabi/10.3.1/thumb/v7-m/nofp/crti.o
 .data          0x0000000000000000        0x4 c:/st/stm32cubeide_1.12.0/stm32cubeide/plugins/com.st.stm32cube.ide.mcu.externaltools.gnu-tools-for-stm32.10.3-2021.10.win32_1.0.200.202301161003/tools/bin/../lib/gcc/arm-none-eabi/10.3.1/thumb/v7-m/nofp/crtbegin.o
 .rodata        0x0000000000000000       0x24 c:/st/stm32cubeide_1.12.0/stm32cubeide/plugins/com.st.stm32cube.ide.mcu.externaltools.gnu-tools-for-stm32.10.3-2021.10.win32_1.0.200.202301161003/tools/bin/../lib/gcc/arm-none-eabi/10.3.1/thumb/v7-m/nofp/crtbegin.o
 .text          0x0000000000000000       0x7c c:/st/stm32cubeide_1.12.0/stm32cubeide/plugins/com.st.stm32cube.ide.mcu.externaltools.gnu-tools-for-stm32.10.3-2021.10.win32_1.0.200.202301161003/tools/bin/../lib/gcc/arm-none-eabi/10.3.1/../../../../arm-none-eabi/lib/thumb/v7-m/nofp/crt0.o
 .data          0x0000000000000000        0x0 c:/st/stm32cubeide_1.12.0/stm32cubeide/plugins/com.st.stm32cube.ide.mcu.externaltools.gnu-tools-for-stm32.10.3-2021.10.win32_1.0.200.202301161003/tools/bin/../lib/gcc/arm-none-eabi/10.3.1/../../../../arm-none-eabi/lib/thumb/v7-m/nofp/crt0.o
 .bss           0x0000000000000000        0x0 c:/st/stm32cubeide_1.12.0/stm32cubeide/plugins/com.st.stm32cube.ide.mcu.externaltools.gnu-tools-for-stm32.10.3-2021.10.win32_1.0.200.202301161003/tools/bin/../lib/gcc/arm-none-eabi/10.3.1/../../../../arm-none-eabi/lib/thumb/v7-m/nofp/crt0.o
 .ARM.extab     0x0000000000000000        0x0 c:/st/stm32cubeide_1.12.0/stm32cubeide/plugins/com.st.stm32cube.ide.mcu.externaltools.gnu-tools-for-stm32.10.3-2021.10.win32_1.0.200.202301161003/tools/bin/../lib/gcc/arm-none-eabi/10.3.1/../../../../arm-none-eabi/lib/thumb/v7-m/nofp/crt0.o
 .ARM.exidx     0x0000000000000000       0x10 c:/st/stm32cubeide_1.12.0/stm32cubeide/plugins/com.st.stm32cube.ide.mcu.externaltools.gnu-tools-for-stm32.10.3-2021.10.win32_1.0.200.202301161003/tools/bin/../lib/gcc/arm-none-eabi/10.3.1/../../../../arm-none-eabi/lib/thumb/v7-m/nofp/crt0.o
 .ARM.attributes
                0x0000000000000000       0x1b c:/st/stm32cubeide_1.12.0/stm32cubeide/plugins/com.st.stm32cube.ide.mcu.externaltools.gnu-tools-for-stm32.10.3-2021.10.win32_1.0.200.202301161003/tools/bin/../lib/gcc/arm-none-eabi/10.3.1/../../../../arm-none-eabi/lib/thumb/v7-m/nofp/crt0.o
 .group         0x0000000000000000        0xc ./HAL/MOTOR/MOTOR.o
 .group         0x0000000000000000        0xc ./HAL/MOTOR/MOTOR.o
 .group         0x0000000000000000        0xc ./HAL/MOTOR/MOTOR.o
 .group         0x0000000000000000        0xc ./HAL/MOTOR/MOTOR.o
 .group         0x0000000000000000        0xc ./HAL/MOTOR/MOTOR.o
 .group         0x0000000000000000        0xc ./HAL/MOTOR/MOTOR.o
 .group         0x0000000000000000        0xc ./HAL/MOTOR/MOTOR.o
 .group         0x0000000000000000        0xc ./HAL/MOTOR/MOTOR.o
 .group         0x0000000000000000        0xc ./HAL/MOTOR/MOTOR.o
 .group         0x0000000000000000        0xc ./HAL/MOTOR/MOTOR.o
 .group         0x0000000000000000        0xc ./HAL/MOTOR/MOTOR.o
 .group         0x0000000000000000        0xc ./HAL/MOTOR/MOTOR.o
 .group         0x0000000000000000        0xc ./HAL/MOTOR/MOTOR.o
 .group         0x0000000000000000        0xc ./HAL/MOTOR/MOTOR.o
 .group         0x0000000000000000        0xc ./HAL/MOTOR/MOTOR.o
 .group         0x0000000000000000        0xc ./HAL/MOTOR/MOTOR.o
 .group         0x0000000000000000        0xc ./HAL/MOTOR/MOTOR.o
 .group         0x0000000000000000        0xc ./HAL/MOTOR/MOTOR.o
 .group         0x0000000000000000        0xc ./HAL/MOTOR/MOTOR.o
 .group         0x0000000000000000        0xc ./HAL/MOTOR/MOTOR.o
 .group         0x0000000000000000        0xc ./HAL/MOTOR/MOTOR.o
 .group         0x0000000000000000        0xc ./HAL/MOTOR/MOTOR.o
 .group         0x0000000000000000        0xc ./HAL/MOTOR/MOTOR.o
 .group         0x0000000000000000        0xc ./HAL/MOTOR/MOTOR.o
 .group         0x0000000000000000        0xc ./HAL/MOTOR/MOTOR.o
 .group         0x0000000000000000        0xc ./HAL/MOTOR/MOTOR.o
 .group         0x0000000000000000        0xc ./HAL/MOTOR/MOTOR.o
 .group         0x0000000000000000        0xc ./HAL/MOTOR/MOTOR.o
 .group         0x0000000000000000        0xc ./HAL/MOTOR/MOTOR.o
 .group         0x0000000000000000        0xc ./HAL/MOTOR/MOTOR.o
 .text          0x0000000000000000        0x0 ./HAL/MOTOR/MOTOR.o
 .data          0x0000000000000000        0x0 ./HAL/MOTOR/MOTOR.o
 .bss           0x0000000000000000        0x0 ./HAL/MOTOR/MOTOR.o
 .text.STOP     0x0000000000000000       0x34 ./HAL/MOTOR/MOTOR.o
 .group         0x0000000000000000        0xc ./MCAL/GPIO/GPIO.o
 .group         0x0000000000000000        0xc ./MCAL/GPIO/GPIO.o
 .group         0x0000000000000000        0xc ./MCAL/GPIO/GPIO.o
 .group         0x0000000000000000        0xc ./MCAL/GPIO/GPIO.o
 .group         0x0000000000000000        0xc ./MCAL/GPIO/GPIO.o
 .group         0x0000000000000000        0xc ./MCAL/GPIO/GPIO.o
 .group         0x0000000000000000        0xc ./MCAL/GPIO/GPIO.o
 .group         0x0000000000000000        0xc ./MCAL/GPIO/GPIO.o
 .group         0x0000000000000000        0xc ./MCAL/GPIO/GPIO.o
 .group         0x0000000000000000        0xc ./MCAL/GPIO/GPIO.o
 .group         0x0000000000000000        0xc ./MCAL/GPIO/GPIO.o
 .group         0x0000000000000000        0xc ./MCAL/GPIO/GPIO.o
 .group         0x0000000000000000        0xc ./MCAL/GPIO/GPIO.o
 .group         0x0000000000000000        0xc ./MCAL/GPIO/GPIO.o
 .group         0x0000000000000000        0xc ./MCAL/GPIO/GPIO.o
 .group         0x0000000000000000        0xc ./MCAL/GPIO/GPIO.o
 .group         0x0000000000000000        0xc ./MCAL/GPIO/GPIO.o
 .group         0x0000000000000000        0xc ./MCAL/GPIO/GPIO.o
 .group         0x0000000000000000        0xc ./MCAL/GPIO/GPIO.o
 .group         0x0000000000000000        0xc ./MCAL/GPIO/GPIO.o
 .group         0x0000000000000000        0xc ./MCAL/GPIO/GPIO.o
 .group         0x0000000000000000        0xc ./MCAL/GPIO/GPIO.o
 .group         0x0000000000000000        0xc ./MCAL/GPIO/GPIO.o
 .group         0x0000000000000000        0xc ./MCAL/GPIO/GPIO.o
 .group         0x0000000000000000        0xc ./MCAL/GPIO/GPIO.o
 .group         0x0000000000000000        0xc ./MCAL/GPIO/GPIO.o
 .group         0x0000000000000000        0xc ./MCAL/GPIO/GPIO.o
 .group         0x0000000000000000        0xc ./MCAL/GPIO/GPIO.o
 .group         0x0000000000000000        0xc ./MCAL/GPIO/GPIO.o
 .group         0x0000000000000000        0xc ./MCAL/GPIO/GPIO.o
 .text          0x0000000000000000        0x0 ./MCAL/GPIO/GPIO.o
 .data          0x0000000000000000        0x0 ./MCAL/GPIO/GPIO.o
 .bss           0x0000000000000000        0x0 ./MCAL/GPIO/GPIO.o
 .text.MCAL_GPIO_DeInit
                0x0000000000000000       0xd4 ./MCAL/GPIO/GPIO.o
 .text.MCAL_GPIO_ReadPin
                0x0000000000000000       0x2e ./MCAL/GPIO/GPIO.o
 .text.MCAL_GPIO_ReadPort
                0x0000000000000000       0x1a ./MCAL/GPIO/GPIO.o
 .text.MCAL_GPIO_WritePort
                0x0000000000000000       0x1c ./MCAL/GPIO/GPIO.o
 .text.MCAL_GPIO_TogglePin
                0x0000000000000000       0x22 ./MCAL/GPIO/GPIO.o
 .text.MCAL_GPIO_LockPin
                0x0000000000000000       0x4e ./MCAL/GPIO/GPIO.o
 .debug_macro   0x0000000000000000      0xa72 ./MCAL/GPIO/GPIO.o
 .debug_macro   0x0000000000000000       0x18 ./MCAL/GPIO/GPIO.o
 .debug_macro   0x0000000000000000       0x22 ./MCAL/GPIO/GPIO.o
 .debug_macro   0x0000000000000000       0x4c ./MCAL/GPIO/GPIO.o
 .debug_macro   0x0000000000000000       0x94 ./MCAL/GPIO/GPIO.o
 .debug_macro   0x0000000000000000       0x3c ./MCAL/GPIO/GPIO.o
 .debug_macro   0x0000000000000000       0x34 ./MCAL/GPIO/GPIO.o
 .debug_macro   0x0000000000000000       0x16 ./MCAL/GPIO/GPIO.o
 .debug_macro   0x0000000000000000      0x10e ./MCAL/GPIO/GPIO.o
 .debug_macro   0x0000000000000000       0x8d ./MCAL/GPIO/GPIO.o
 .debug_macro   0x0000000000000000       0x16 ./MCAL/GPIO/GPIO.o
 .debug_macro   0x0000000000000000       0x43 ./MCAL/GPIO/GPIO.o
 .debug_macro   0x0000000000000000       0x57 ./MCAL/GPIO/GPIO.o
 .debug_macro   0x0000000000000000       0x34 ./MCAL/GPIO/GPIO.o
 .debug_macro   0x0000000000000000       0x10 ./MCAL/GPIO/GPIO.o
 .debug_macro   0x0000000000000000       0x58 ./MCAL/GPIO/GPIO.o
 .debug_macro   0x0000000000000000       0x71 ./MCAL/GPIO/GPIO.o
 .debug_macro   0x0000000000000000       0x1c ./MCAL/GPIO/GPIO.o
 .debug_macro   0x0000000000000000      0x12a ./MCAL/GPIO/GPIO.o
 .debug_macro   0x0000000000000000      0x341 ./MCAL/GPIO/GPIO.o
 .debug_macro   0x0000000000000000       0x16 ./MCAL/GPIO/GPIO.o
 .debug_macro   0x0000000000000000       0x29 ./MCAL/GPIO/GPIO.o
 .debug_macro   0x0000000000000000       0x16 ./MCAL/GPIO/GPIO.o
 .debug_macro   0x0000000000000000       0x35 ./MCAL/GPIO/GPIO.o
 .debug_macro   0x0000000000000000       0x20 ./MCAL/GPIO/GPIO.o
 .debug_macro   0x0000000000000000      0x103 ./MCAL/GPIO/GPIO.o
 .debug_macro   0x0000000000000000       0x6a ./MCAL/GPIO/GPIO.o
 .debug_macro   0x0000000000000000      0x1df ./MCAL/GPIO/GPIO.o
 .debug_macro   0x0000000000000000      0x374 ./MCAL/GPIO/GPIO.o
 .debug_macro   0x0000000000000000       0xd0 ./MCAL/GPIO/GPIO.o
 .group         0x0000000000000000        0xc ./MCAL/RCC/RCC.o
 .group         0x0000000000000000        0xc ./MCAL/RCC/RCC.o
 .group         0x0000000000000000        0xc ./MCAL/RCC/RCC.o
 .group         0x0000000000000000        0xc ./MCAL/RCC/RCC.o
 .group         0x0000000000000000        0xc ./MCAL/RCC/RCC.o
 .group         0x0000000000000000        0xc ./MCAL/RCC/RCC.o
 .group         0x0000000000000000        0xc ./MCAL/RCC/RCC.o
 .group         0x0000000000000000        0xc ./MCAL/RCC/RCC.o
 .group         0x0000000000000000        0xc ./MCAL/RCC/RCC.o
 .group         0x0000000000000000        0xc ./MCAL/RCC/RCC.o
 .group         0x0000000000000000        0xc ./MCAL/RCC/RCC.o
 .group         0x0000000000000000        0xc ./MCAL/RCC/RCC.o
 .group         0x0000000000000000        0xc ./MCAL/RCC/RCC.o
 .group         0x0000000000000000        0xc ./MCAL/RCC/RCC.o
 .group         0x0000000000000000        0xc ./MCAL/RCC/RCC.o
 .group         0x0000000000000000        0xc ./MCAL/RCC/RCC.o
 .group         0x0000000000000000        0xc ./MCAL/RCC/RCC.o
 .group         0x0000000000000000        0xc ./MCAL/RCC/RCC.o
 .group         0x0000000000000000        0xc ./MCAL/RCC/RCC.o
 .group         0x0000000000000000        0xc ./MCAL/RCC/RCC.o
 .group         0x0000000000000000        0xc ./MCAL/RCC/RCC.o
 .group         0x0000000000000000        0xc ./MCAL/RCC/RCC.o
 .group         0x0000000000000000        0xc ./MCAL/RCC/RCC.o
 .group         0x0000000000000000        0xc ./MCAL/RCC/RCC.o
 .group         0x0000000000000000        0xc ./MCAL/RCC/RCC.o
 .group         0x0000000000000000        0xc ./MCAL/RCC/RCC.o
 .group         0x0000000000000000        0xc ./MCAL/RCC/RCC.o
 .group         0x0000000000000000        0xc ./MCAL/RCC/RCC.o
 .group         0x0000000000000000        0xc ./MCAL/RCC/RCC.o
 .group         0x0000000000000000        0xc ./MCAL/RCC/RCC.o
 .text          0x0000000000000000        0x0 ./MCAL/RCC/RCC.o
 .data          0x0000000000000000        0x0 ./MCAL/RCC/RCC.o
 .bss           0x0000000000000000        0x0 ./MCAL/RCC/RCC.o
 .debug_macro   0x0000000000000000      0xa72 ./MCAL/RCC/RCC.o
 .debug_macro   0x0000000000000000       0x18 ./MCAL/RCC/RCC.o
 .debug_macro   0x0000000000000000       0x22 ./MCAL/RCC/RCC.o
 .debug_macro   0x0000000000000000       0x4c ./MCAL/RCC/RCC.o
 .debug_macro   0x0000000000000000       0x94 ./MCAL/RCC/RCC.o
 .debug_macro   0x0000000000000000       0x3c ./MCAL/RCC/RCC.o
 .debug_macro   0x0000000000000000       0x34 ./MCAL/RCC/RCC.o
 .debug_macro   0x0000000000000000       0x16 ./MCAL/RCC/RCC.o
 .debug_macro   0x0000000000000000      0x10e ./MCAL/RCC/RCC.o
 .debug_macro   0x0000000000000000       0x8d ./MCAL/RCC/RCC.o
 .debug_macro   0x0000000000000000       0x16 ./MCAL/RCC/RCC.o
 .debug_macro   0x0000000000000000       0x43 ./MCAL/RCC/RCC.o
 .debug_macro   0x0000000000000000       0x57 ./MCAL/RCC/RCC.o
 .debug_macro   0x0000000000000000       0x34 ./MCAL/RCC/RCC.o
 .debug_macro   0x0000000000000000       0x10 ./MCAL/RCC/RCC.o
 .debug_macro   0x0000000000000000       0x58 ./MCAL/RCC/RCC.o
 .debug_macro   0x0000000000000000       0x71 ./MCAL/RCC/RCC.o
 .debug_macro   0x0000000000000000       0x1c ./MCAL/RCC/RCC.o
 .debug_macro   0x0000000000000000      0x12a ./MCAL/RCC/RCC.o
 .debug_macro   0x0000000000000000      0x341 ./MCAL/RCC/RCC.o
 .debug_macro   0x0000000000000000       0x16 ./MCAL/RCC/RCC.o
 .debug_macro   0x0000000000000000       0x29 ./MCAL/RCC/RCC.o
 .debug_macro   0x0000000000000000       0x16 ./MCAL/RCC/RCC.o
 .debug_macro   0x0000000000000000       0x35 ./MCAL/RCC/RCC.o
 .debug_macro   0x0000000000000000       0x20 ./MCAL/RCC/RCC.o
 .debug_macro   0x0000000000000000      0x103 ./MCAL/RCC/RCC.o
 .debug_macro   0x0000000000000000       0x6a ./MCAL/RCC/RCC.o
 .debug_macro   0x0000000000000000      0x1df ./MCAL/RCC/RCC.o
 .debug_macro   0x0000000000000000      0x374 ./MCAL/RCC/RCC.o
 .group         0x0000000000000000        0xc ./MCAL/USART/USART.o
 .group         0x0000000000000000        0xc ./MCAL/USART/USART.o
 .group         0x0000000000000000        0xc ./MCAL/USART/USART.o
 .group         0x0000000000000000        0xc ./MCAL/USART/USART.o
 .group         0x0000000000000000        0xc ./MCAL/USART/USART.o
 .group         0x0000000000000000        0xc ./MCAL/USART/USART.o
 .group         0x0000000000000000        0xc ./MCAL/USART/USART.o
 .group         0x0000000000000000        0xc ./MCAL/USART/USART.o
 .group         0x0000000000000000        0xc ./MCAL/USART/USART.o
 .group         0x0000000000000000        0xc ./MCAL/USART/USART.o
 .group         0x0000000000000000        0xc ./MCAL/USART/USART.o
 .group         0x0000000000000000        0xc ./MCAL/USART/USART.o
 .group         0x0000000000000000        0xc ./MCAL/USART/USART.o
 .group         0x0000000000000000        0xc ./MCAL/USART/USART.o
 .group         0x0000000000000000        0xc ./MCAL/USART/USART.o
 .group         0x0000000000000000        0xc ./MCAL/USART/USART.o
 .group         0x0000000000000000        0xc ./MCAL/USART/USART.o
 .group         0x0000000000000000        0xc ./MCAL/USART/USART.o
 .group         0x0000000000000000        0xc ./MCAL/USART/USART.o
 .group         0x0000000000000000        0xc ./MCAL/USART/USART.o
 .group         0x0000000000000000        0xc ./MCAL/USART/USART.o
 .group         0x0000000000000000        0xc ./MCAL/USART/USART.o
 .group         0x0000000000000000        0xc ./MCAL/USART/USART.o
 .group         0x0000000000000000        0xc ./MCAL/USART/USART.o
 .group         0x0000000000000000        0xc ./MCAL/USART/USART.o
 .group         0x0000000000000000        0xc ./MCAL/USART/USART.o
 .group         0x0000000000000000        0xc ./MCAL/USART/USART.o
 .group         0x0000000000000000        0xc ./MCAL/USART/USART.o
 .group         0x0000000000000000        0xc ./MCAL/USART/USART.o
 .group         0x0000000000000000        0xc ./MCAL/USART/USART.o
 .group         0x0000000000000000        0xc ./MCAL/USART/USART.o
 .group         0x0000000000000000        0xc ./MCAL/USART/USART.o
 .text          0x0000000000000000        0x0 ./MCAL/USART/USART.o
 .data          0x0000000000000000        0x0 ./MCAL/USART/USART.o
 .bss           0x0000000000000000        0x0 ./MCAL/USART/USART.o
 .text.MCAL_UART_DeInit
                0x0000000000000000       0x8c ./MCAL/USART/USART.o
 .text.MCAL_UART_SendData
                0x0000000000000000       0xe4 ./MCAL/USART/USART.o
 .text.MCAL_UART_WAIT_TC
                0x0000000000000000       0x22 ./MCAL/USART/USART.o
 .debug_macro   0x0000000000000000      0xa72 ./MCAL/USART/USART.o
 .debug_macro   0x0000000000000000       0x18 ./MCAL/USART/USART.o
 .debug_macro   0x0000000000000000       0x22 ./MCAL/USART/USART.o
 .debug_macro   0x0000000000000000       0x4c ./MCAL/USART/USART.o
 .debug_macro   0x0000000000000000       0x94 ./MCAL/USART/USART.o
 .debug_macro   0x0000000000000000       0x3c ./MCAL/USART/USART.o
 .debug_macro   0x0000000000000000       0x34 ./MCAL/USART/USART.o
 .debug_macro   0x0000000000000000       0x16 ./MCAL/USART/USART.o
 .debug_macro   0x0000000000000000      0x10e ./MCAL/USART/USART.o
 .debug_macro   0x0000000000000000       0x8d ./MCAL/USART/USART.o
 .debug_macro   0x0000000000000000       0x16 ./MCAL/USART/USART.o
 .debug_macro   0x0000000000000000       0x43 ./MCAL/USART/USART.o
 .debug_macro   0x0000000000000000       0x57 ./MCAL/USART/USART.o
 .debug_macro   0x0000000000000000       0x34 ./MCAL/USART/USART.o
 .debug_macro   0x0000000000000000       0x10 ./MCAL/USART/USART.o
 .debug_macro   0x0000000000000000       0x58 ./MCAL/USART/USART.o
 .debug_macro   0x0000000000000000       0x71 ./MCAL/USART/USART.o
 .debug_macro   0x0000000000000000       0x1c ./MCAL/USART/USART.o
 .debug_macro   0x0000000000000000      0x12a ./MCAL/USART/USART.o
 .debug_macro   0x0000000000000000      0x341 ./MCAL/USART/USART.o
 .debug_macro   0x0000000000000000       0x16 ./MCAL/USART/USART.o
 .debug_macro   0x0000000000000000       0x29 ./MCAL/USART/USART.o
 .debug_macro   0x0000000000000000       0x16 ./MCAL/USART/USART.o
 .debug_macro   0x0000000000000000       0x35 ./MCAL/USART/USART.o
 .debug_macro   0x0000000000000000       0x20 ./MCAL/USART/USART.o
 .debug_macro   0x0000000000000000      0x103 ./MCAL/USART/USART.o
 .debug_macro   0x0000000000000000       0x6a ./MCAL/USART/USART.o
 .debug_macro   0x0000000000000000      0x1df ./MCAL/USART/USART.o
 .debug_macro   0x0000000000000000      0x374 ./MCAL/USART/USART.o
 .group         0x0000000000000000        0xc ./Src/main.o
 .group         0x0000000000000000        0xc ./Src/main.o
 .group         0x0000000000000000        0xc ./Src/main.o
 .group         0x0000000000000000        0xc ./Src/main.o
 .group         0x0000000000000000        0xc ./Src/main.o
 .group         0x0000000000000000        0xc ./Src/main.o
 .group         0x0000000000000000        0xc ./Src/main.o
 .group         0x0000000000000000        0xc ./Src/main.o
 .group         0x0000000000000000        0xc ./Src/main.o
 .group         0x0000000000000000        0xc ./Src/main.o
 .group         0x0000000000000000        0xc ./Src/main.o
 .group         0x0000000000000000        0xc ./Src/main.o
 .group         0x0000000000000000        0xc ./Src/main.o
 .group         0x0000000000000000        0xc ./Src/main.o
 .group         0x0000000000000000        0xc ./Src/main.o
 .group         0x0000000000000000        0xc ./Src/main.o
 .group         0x0000000000000000        0xc ./Src/main.o
 .group         0x0000000000000000        0xc ./Src/main.o
 .group         0x0000000000000000        0xc ./Src/main.o
 .group         0x0000000000000000        0xc ./Src/main.o
 .group         0x0000000000000000        0xc ./Src/main.o
 .group         0x0000000000000000        0xc ./Src/main.o
 .group         0x0000000000000000        0xc ./Src/main.o
 .group         0x0000000000000000        0xc ./Src/main.o
 .group         0x0000000000000000        0xc ./Src/main.o
 .group         0x0000000000000000        0xc ./Src/main.o
 .group         0x0000000000000000        0xc ./Src/main.o
 .group         0x0000000000000000        0xc ./Src/main.o
 .group         0x0000000000000000        0xc ./Src/main.o
 .group         0x0000000000000000        0xc ./Src/main.o
 .group         0x0000000000000000        0xc ./Src/main.o
 .group         0x0000000000000000        0xc ./Src/main.o
 .text          0x0000000000000000        0x0 ./Src/main.o
 .data          0x0000000000000000        0x0 ./Src/main.o
 .bss           0x0000000000000000        0x0 ./Src/main.o
 .text.wait_ms  0x0000000000000000       0x3a ./Src/main.o
 .debug_macro   0x0000000000000000      0xa72 ./Src/main.o
 .debug_macro   0x0000000000000000       0x18 ./Src/main.o
 .debug_macro   0x0000000000000000       0x22 ./Src/main.o
 .debug_macro   0x0000000000000000       0x4c ./Src/main.o
 .debug_macro   0x0000000000000000       0x94 ./Src/main.o
 .debug_macro   0x0000000000000000       0x3c ./Src/main.o
 .debug_macro   0x0000000000000000       0x34 ./Src/main.o
 .debug_macro   0x0000000000000000       0x16 ./Src/main.o
 .debug_macro   0x0000000000000000      0x10e ./Src/main.o
 .debug_macro   0x0000000000000000       0x8d ./Src/main.o
 .debug_macro   0x0000000000000000       0x16 ./Src/main.o
 .debug_macro   0x0000000000000000       0x43 ./Src/main.o
 .debug_macro   0x0000000000000000       0x57 ./Src/main.o
 .debug_macro   0x0000000000000000       0x34 ./Src/main.o
 .debug_macro   0x0000000000000000       0x10 ./Src/main.o
 .debug_macro   0x0000000000000000       0x58 ./Src/main.o
 .debug_macro   0x0000000000000000       0x71 ./Src/main.o
 .debug_macro   0x0000000000000000       0x1c ./Src/main.o
 .debug_macro   0x0000000000000000      0x12a ./Src/main.o
 .debug_macro   0x0000000000000000      0x341 ./Src/main.o
 .debug_macro   0x0000000000000000       0x16 ./Src/main.o
 .debug_macro   0x0000000000000000       0x29 ./Src/main.o
 .debug_macro   0x0000000000000000       0x16 ./Src/main.o
 .debug_macro   0x0000000000000000       0x35 ./Src/main.o
 .debug_macro   0x0000000000000000       0x20 ./Src/main.o
 .debug_macro   0x0000000000000000      0x103 ./Src/main.o
 .debug_macro   0x0000000000000000       0x6a ./Src/main.o
 .debug_macro   0x0000000000000000      0x1df ./Src/main.o
 .debug_macro   0x0000000000000000      0x374 ./Src/main.o
 .debug_macro   0x0000000000000000       0xd6 ./Src/main.o
 .debug_macro   0x0000000000000000       0x16 ./Src/main.o
 .debug_macro   0x0000000000000000       0xee ./Src/main.o
 .group         0x0000000000000000        0xc ./Src/syscalls.o
 .group         0x0000000000000000        0xc ./Src/syscalls.o
 .group         0x0000000000000000        0xc ./Src/syscalls.o
 .group         0x0000000000000000        0xc ./Src/syscalls.o
 .group         0x0000000000000000        0xc ./Src/syscalls.o
 .group         0x0000000000000000        0xc ./Src/syscalls.o
 .group         0x0000000000000000        0xc ./Src/syscalls.o
 .group         0x0000000000000000        0xc ./Src/syscalls.o
 .group         0x0000000000000000        0xc ./Src/syscalls.o
 .group         0x0000000000000000        0xc ./Src/syscalls.o
 .group         0x0000000000000000        0xc ./Src/syscalls.o
 .group         0x0000000000000000        0xc ./Src/syscalls.o
 .group         0x0000000000000000        0xc ./Src/syscalls.o
 .group         0x0000000000000000        0xc ./Src/syscalls.o
 .group         0x0000000000000000        0xc ./Src/syscalls.o
 .group         0x0000000000000000        0xc ./Src/syscalls.o
 .group         0x0000000000000000        0xc ./Src/syscalls.o
 .group         0x0000000000000000        0xc ./Src/syscalls.o
 .group         0x0000000000000000        0xc ./Src/syscalls.o
 .group         0x0000000000000000        0xc ./Src/syscalls.o
 .group         0x0000000000000000        0xc ./Src/syscalls.o
 .group         0x0000000000000000        0xc ./Src/syscalls.o
 .group         0x0000000000000000        0xc ./Src/syscalls.o
 .group         0x0000000000000000        0xc ./Src/syscalls.o
 .group         0x0000000000000000        0xc ./Src/syscalls.o
 .group         0x0000000000000000        0xc ./Src/syscalls.o
 .group         0x0000000000000000        0xc ./Src/syscalls.o
 .group         0x0000000000000000        0xc ./Src/syscalls.o
 .group         0x0000000000000000        0xc ./Src/syscalls.o
 .group         0x0000000000000000        0xc ./Src/syscalls.o
 .group         0x0000000000000000        0xc ./Src/syscalls.o
 .group         0x0000000000000000        0xc ./Src/syscalls.o
 .group         0x0000000000000000        0xc ./Src/syscalls.o
 .group         0x0000000000000000        0xc ./Src/syscalls.o
 .group         0x0000000000000000        0xc ./Src/syscalls.o
 .group         0x0000000000000000        0xc ./Src/syscalls.o
 .group         0x0000000000000000        0xc ./Src/syscalls.o
 .group         0x0000000000000000        0xc ./Src/syscalls.o
 .group         0x0000000000000000        0xc ./Src/syscalls.o
 .group         0x0000000000000000        0xc ./Src/syscalls.o
 .group         0x0000000000000000        0xc ./Src/syscalls.o
 .group         0x0000000000000000        0xc ./Src/syscalls.o
 .group         0x0000000000000000        0xc ./Src/syscalls.o
 .group         0x0000000000000000        0xc ./Src/syscalls.o
 .group         0x0000000000000000        0xc ./Src/syscalls.o
 .group         0x0000000000000000        0xc ./Src/syscalls.o
 .group         0x0000000000000000        0xc ./Src/syscalls.o
 .text          0x0000000000000000        0x0 ./Src/syscalls.o
 .data          0x0000000000000000        0x0 ./Src/syscalls.o
 .bss           0x0000000000000000        0x0 ./Src/syscalls.o
 .bss.__env     0x0000000000000000        0x4 ./Src/syscalls.o
 .data.environ  0x0000000000000000        0x4 ./Src/syscalls.o
 .text.initialise_monitor_handles
                0x0000000000000000        0xc ./Src/syscalls.o
 .text._getpid  0x0000000000000000        0xe ./Src/syscalls.o
 .text._kill    0x0000000000000000       0x20 ./Src/syscalls.o
 .text._exit    0x0000000000000000       0x14 ./Src/syscalls.o
 .text._read    0x0000000000000000       0x3a ./Src/syscalls.o
 .text._write   0x0000000000000000       0x38 ./Src/syscalls.o
 .text._close   0x0000000000000000       0x16 ./Src/syscalls.o
 .text._fstat   0x0000000000000000       0x1e ./Src/syscalls.o
 .text._isatty  0x0000000000000000       0x14 ./Src/syscalls.o
 .text._lseek   0x0000000000000000       0x18 ./Src/syscalls.o
 .text._open    0x0000000000000000       0x1a ./Src/syscalls.o
 .text._wait    0x0000000000000000       0x1e ./Src/syscalls.o
 .text._unlink  0x0000000000000000       0x1e ./Src/syscalls.o
 .text._times   0x0000000000000000       0x16 ./Src/syscalls.o
 .text._stat    0x0000000000000000       0x1e ./Src/syscalls.o
 .text._link    0x0000000000000000       0x20 ./Src/syscalls.o
 .text._fork    0x0000000000000000       0x16 ./Src/syscalls.o
 .text._execve  0x0000000000000000       0x22 ./Src/syscalls.o
 .debug_info    0x0000000000000000      0x6e0 ./Src/syscalls.o
 .debug_abbrev  0x0000000000000000      0x1b3 ./Src/syscalls.o
 .debug_aranges
                0x0000000000000000       0xa8 ./Src/syscalls.o
 .debug_ranges  0x0000000000000000       0x98 ./Src/syscalls.o
 .debug_macro   0x0000000000000000      0x24c ./Src/syscalls.o
 .debug_macro   0x0000000000000000      0xa72 ./Src/syscalls.o
 .debug_macro   0x0000000000000000       0x22 ./Src/syscalls.o
 .debug_macro   0x0000000000000000       0x4c ./Src/syscalls.o
 .debug_macro   0x0000000000000000       0x18 ./Src/syscalls.o
 .debug_macro   0x0000000000000000       0x94 ./Src/syscalls.o
 .debug_macro   0x0000000000000000       0x3c ./Src/syscalls.o
 .debug_macro   0x0000000000000000       0x34 ./Src/syscalls.o
 .debug_macro   0x0000000000000000       0x57 ./Src/syscalls.o
 .debug_macro   0x0000000000000000      0x174 ./Src/syscalls.o
 .debug_macro   0x0000000000000000      0x341 ./Src/syscalls.o
 .debug_macro   0x0000000000000000       0x16 ./Src/syscalls.o
 .debug_macro   0x0000000000000000       0x43 ./Src/syscalls.o
 .debug_macro   0x0000000000000000       0x34 ./Src/syscalls.o
 .debug_macro   0x0000000000000000       0x10 ./Src/syscalls.o
 .debug_macro   0x0000000000000000       0x58 ./Src/syscalls.o
 .debug_macro   0x0000000000000000       0x71 ./Src/syscalls.o
 .debug_macro   0x0000000000000000       0x1c ./Src/syscalls.o
 .debug_macro   0x0000000000000000      0x12a ./Src/syscalls.o
 .debug_macro   0x0000000000000000       0x10 ./Src/syscalls.o
 .debug_macro   0x0000000000000000       0x35 ./Src/syscalls.o
 .debug_macro   0x0000000000000000       0x10 ./Src/syscalls.o
 .debug_macro   0x0000000000000000       0x10 ./Src/syscalls.o
 .debug_macro   0x0000000000000000       0x10 ./Src/syscalls.o
 .debug_macro   0x0000000000000000       0x6a ./Src/syscalls.o
 .debug_macro   0x0000000000000000       0x1c ./Src/syscalls.o
 .debug_macro   0x0000000000000000       0x52 ./Src/syscalls.o
 .debug_macro   0x0000000000000000       0x22 ./Src/syscalls.o
 .debug_macro   0x0000000000000000       0x10 ./Src/syscalls.o
 .debug_macro   0x0000000000000000       0x52 ./Src/syscalls.o
 .debug_macro   0x0000000000000000       0xd5 ./Src/syscalls.o
 .debug_macro   0x0000000000000000       0x1c ./Src/syscalls.o
 .debug_macro   0x0000000000000000       0x3d ./Src/syscalls.o
 .debug_macro   0x0000000000000000       0x35 ./Src/syscalls.o
 .debug_macro   0x0000000000000000      0x12c ./Src/syscalls.o
 .debug_macro   0x0000000000000000       0x16 ./Src/syscalls.o
 .debug_macro   0x0000000000000000       0x16 ./Src/syscalls.o
 .debug_macro   0x0000000000000000       0x29 ./Src/syscalls.o
 .debug_macro   0x0000000000000000       0x10 ./Src/syscalls.o
 .debug_macro   0x0000000000000000      0x241 ./Src/syscalls.o
 .debug_macro   0x0000000000000000       0x1c ./Src/syscalls.o
 .debug_macro   0x0000000000000000       0x10 ./Src/syscalls.o
 .debug_macro   0x0000000000000000       0x10 ./Src/syscalls.o
 .debug_macro   0x0000000000000000       0x16 ./Src/syscalls.o
 .debug_macro   0x0000000000000000      0x145 ./Src/syscalls.o
 .debug_macro   0x0000000000000000      0x189 ./Src/syscalls.o
 .debug_macro   0x0000000000000000       0x16 ./Src/syscalls.o
 .debug_macro   0x0000000000000000       0xce ./Src/syscalls.o
 .debug_line    0x0000000000000000      0x7f9 ./Src/syscalls.o
 .debug_str     0x0000000000000000     0x8a72 ./Src/syscalls.o
 .comment       0x0000000000000000       0x51 ./Src/syscalls.o
 .debug_frame   0x0000000000000000      0x2ac ./Src/syscalls.o
 .ARM.attributes
                0x0000000000000000       0x2d ./Src/syscalls.o
 .group         0x0000000000000000        0xc ./Src/sysmem.o
 .group         0x0000000000000000        0xc ./Src/sysmem.o
 .group         0x0000000000000000        0xc ./Src/sysmem.o
 .group         0x0000000000000000        0xc ./Src/sysmem.o
 .group         0x0000000000000000        0xc ./Src/sysmem.o
 .group         0x0000000000000000        0xc ./Src/sysmem.o
 .group         0x0000000000000000        0xc ./Src/sysmem.o
 .group         0x0000000000000000        0xc ./Src/sysmem.o
 .group         0x0000000000000000        0xc ./Src/sysmem.o
 .group         0x0000000000000000        0xc ./Src/sysmem.o
 .group         0x0000000000000000        0xc ./Src/sysmem.o
 .group         0x0000000000000000        0xc ./Src/sysmem.o
 .group         0x0000000000000000        0xc ./Src/sysmem.o
 .group         0x0000000000000000        0xc ./Src/sysmem.o
 .group         0x0000000000000000        0xc ./Src/sysmem.o
 .group         0x0000000000000000        0xc ./Src/sysmem.o
 .group         0x0000000000000000        0xc ./Src/sysmem.o
 .group         0x0000000000000000        0xc ./Src/sysmem.o
 .group         0x0000000000000000        0xc ./Src/sysmem.o
 .group         0x0000000000000000        0xc ./Src/sysmem.o
 .group         0x0000000000000000        0xc ./Src/sysmem.o
 .group         0x0000000000000000        0xc ./Src/sysmem.o
 .text          0x0000000000000000        0x0 ./Src/sysmem.o
 .data          0x0000000000000000        0x0 ./Src/sysmem.o
 .bss           0x0000000000000000        0x0 ./Src/sysmem.o
 .bss.__sbrk_heap_end
                0x0000000000000000        0x4 ./Src/sysmem.o
 .text._sbrk    0x0000000000000000       0x6c ./Src/sysmem.o
 .debug_info    0x0000000000000000      0x171 ./Src/sysmem.o
 .debug_abbrev  0x0000000000000000       0xbb ./Src/sysmem.o
 .debug_aranges
                0x0000000000000000       0x20 ./Src/sysmem.o
 .debug_ranges  0x0000000000000000       0x10 ./Src/sysmem.o
 .debug_macro   0x0000000000000000       0xff ./Src/sysmem.o
 .debug_macro   0x0000000000000000      0xa72 ./Src/sysmem.o
 .debug_macro   0x0000000000000000       0x10 ./Src/sysmem.o
 .debug_macro   0x0000000000000000       0x22 ./Src/sysmem.o
 .debug_macro   0x0000000000000000       0x4c ./Src/sysmem.o
 .debug_macro   0x0000000000000000       0x18 ./Src/sysmem.o
 .debug_macro   0x0000000000000000       0x94 ./Src/sysmem.o
 .debug_macro   0x0000000000000000       0x3c ./Src/sysmem.o
 .debug_macro   0x0000000000000000       0x34 ./Src/sysmem.o
 .debug_macro   0x0000000000000000      0x174 ./Src/sysmem.o
 .debug_macro   0x0000000000000000       0x16 ./Src/sysmem.o
 .debug_macro   0x0000000000000000       0x43 ./Src/sysmem.o
 .debug_macro   0x0000000000000000       0x57 ./Src/sysmem.o
 .debug_macro   0x0000000000000000       0x34 ./Src/sysmem.o
 .debug_macro   0x0000000000000000       0x10 ./Src/sysmem.o
 .debug_macro   0x0000000000000000       0x58 ./Src/sysmem.o
 .debug_macro   0x0000000000000000       0x71 ./Src/sysmem.o
 .debug_macro   0x0000000000000000       0x1c ./Src/sysmem.o
 .debug_macro   0x0000000000000000      0x12a ./Src/sysmem.o
 .debug_macro   0x0000000000000000      0x23b ./Src/sysmem.o
 .debug_macro   0x0000000000000000      0x103 ./Src/sysmem.o
 .debug_macro   0x0000000000000000       0x6a ./Src/sysmem.o
 .debug_macro   0x0000000000000000      0x1df ./Src/sysmem.o
 .debug_line    0x0000000000000000      0x4ef ./Src/sysmem.o
 .debug_str     0x0000000000000000     0x5dae ./Src/sysmem.o
 .comment       0x0000000000000000       0x51 ./Src/sysmem.o
 .debug_frame   0x0000000000000000       0x34 ./Src/sysmem.o
 .ARM.attributes
                0x0000000000000000       0x2d ./Src/sysmem.o
 .text          0x0000000000000000       0x14 ./Startup/startup_stm32f103c6tx.o
 .data          0x0000000000000000        0x0 ./Startup/startup_stm32f103c6tx.o
 .bss           0x0000000000000000        0x0 ./Startup/startup_stm32f103c6tx.o
 .text          0x0000000000000000        0x0 c:/st/stm32cubeide_1.12.0/stm32cubeide/plugins/com.st.stm32cube.ide.mcu.externaltools.gnu-tools-for-stm32.10.3-2021.10.win32_1.0.200.202301161003/tools/bin/../lib/gcc/arm-none-eabi/10.3.1/../../../../arm-none-eabi/lib/thumb/v7-m/nofp\libc_nano.a(lib_a-errno.o)
 .data          0x0000000000000000        0x0 c:/st/stm32cubeide_1.12.0/stm32cubeide/plugins/com.st.stm32cube.ide.mcu.externaltools.gnu-tools-for-stm32.10.3-2021.10.win32_1.0.200.202301161003/tools/bin/../lib/gcc/arm-none-eabi/10.3.1/../../../../arm-none-eabi/lib/thumb/v7-m/nofp\libc_nano.a(lib_a-errno.o)
 .bss           0x0000000000000000        0x0 c:/st/stm32cubeide_1.12.0/stm32cubeide/plugins/com.st.stm32cube.ide.mcu.externaltools.gnu-tools-for-stm32.10.3-2021.10.win32_1.0.200.202301161003/tools/bin/../lib/gcc/arm-none-eabi/10.3.1/../../../../arm-none-eabi/lib/thumb/v7-m/nofp\libc_nano.a(lib_a-errno.o)
 .text.__errno  0x0000000000000000        0xc c:/st/stm32cubeide_1.12.0/stm32cubeide/plugins/com.st.stm32cube.ide.mcu.externaltools.gnu-tools-for-stm32.10.3-2021.10.win32_1.0.200.202301161003/tools/bin/../lib/gcc/arm-none-eabi/10.3.1/../../../../arm-none-eabi/lib/thumb/v7-m/nofp\libc_nano.a(lib_a-errno.o)
 .debug_frame   0x0000000000000000       0x20 c:/st/stm32cubeide_1.12.0/stm32cubeide/plugins/com.st.stm32cube.ide.mcu.externaltools.gnu-tools-for-stm32.10.3-2021.10.win32_1.0.200.202301161003/tools/bin/../lib/gcc/arm-none-eabi/10.3.1/../../../../arm-none-eabi/lib/thumb/v7-m/nofp\libc_nano.a(lib_a-errno.o)
 .ARM.attributes
                0x0000000000000000       0x2d c:/st/stm32cubeide_1.12.0/stm32cubeide/plugins/com.st.stm32cube.ide.mcu.externaltools.gnu-tools-for-stm32.10.3-2021.10.win32_1.0.200.202301161003/tools/bin/../lib/gcc/arm-none-eabi/10.3.1/../../../../arm-none-eabi/lib/thumb/v7-m/nofp\libc_nano.a(lib_a-errno.o)
 .text          0x0000000000000000        0x0 c:/st/stm32cubeide_1.12.0/stm32cubeide/plugins/com.st.stm32cube.ide.mcu.externaltools.gnu-tools-for-stm32.10.3-2021.10.win32_1.0.200.202301161003/tools/bin/../lib/gcc/arm-none-eabi/10.3.1/../../../../arm-none-eabi/lib/thumb/v7-m/nofp\libc_nano.a(lib_a-exit.o)
 .data          0x0000000000000000        0x0 c:/st/stm32cubeide_1.12.0/stm32cubeide/plugins/com.st.stm32cube.ide.mcu.externaltools.gnu-tools-for-stm32.10.3-2021.10.win32_1.0.200.202301161003/tools/bin/../lib/gcc/arm-none-eabi/10.3.1/../../../../arm-none-eabi/lib/thumb/v7-m/nofp\libc_nano.a(lib_a-exit.o)
 .bss           0x0000000000000000        0x0 c:/st/stm32cubeide_1.12.0/stm32cubeide/plugins/com.st.stm32cube.ide.mcu.externaltools.gnu-tools-for-stm32.10.3-2021.10.win32_1.0.200.202301161003/tools/bin/../lib/gcc/arm-none-eabi/10.3.1/../../../../arm-none-eabi/lib/thumb/v7-m/nofp\libc_nano.a(lib_a-exit.o)
 .text.exit     0x0000000000000000       0x28 c:/st/stm32cubeide_1.12.0/stm32cubeide/plugins/com.st.stm32cube.ide.mcu.externaltools.gnu-tools-for-stm32.10.3-2021.10.win32_1.0.200.202301161003/tools/bin/../lib/gcc/arm-none-eabi/10.3.1/../../../../arm-none-eabi/lib/thumb/v7-m/nofp\libc_nano.a(lib_a-exit.o)
 .debug_frame   0x0000000000000000       0x28 c:/st/stm32cubeide_1.12.0/stm32cubeide/plugins/com.st.stm32cube.ide.mcu.externaltools.gnu-tools-for-stm32.10.3-2021.10.win32_1.0.200.202301161003/tools/bin/../lib/gcc/arm-none-eabi/10.3.1/../../../../arm-none-eabi/lib/thumb/v7-m/nofp\libc_nano.a(lib_a-exit.o)
 .ARM.attributes
                0x0000000000000000       0x2d c:/st/stm32cubeide_1.12.0/stm32cubeide/plugins/com.st.stm32cube.ide.mcu.externaltools.gnu-tools-for-stm32.10.3-2021.10.win32_1.0.200.202301161003/tools/bin/../lib/gcc/arm-none-eabi/10.3.1/../../../../arm-none-eabi/lib/thumb/v7-m/nofp\libc_nano.a(lib_a-exit.o)
 .text          0x0000000000000000        0x0 c:/st/stm32cubeide_1.12.0/stm32cubeide/plugins/com.st.stm32cube.ide.mcu.externaltools.gnu-tools-for-stm32.10.3-2021.10.win32_1.0.200.202301161003/tools/bin/../lib/gcc/arm-none-eabi/10.3.1/../../../../arm-none-eabi/lib/thumb/v7-m/nofp\libc_nano.a(lib_a-impure.o)
 .data          0x0000000000000000        0x0 c:/st/stm32cubeide_1.12.0/stm32cubeide/plugins/com.st.stm32cube.ide.mcu.externaltools.gnu-tools-for-stm32.10.3-2021.10.win32_1.0.200.202301161003/tools/bin/../lib/gcc/arm-none-eabi/10.3.1/../../../../arm-none-eabi/lib/thumb/v7-m/nofp\libc_nano.a(lib_a-impure.o)
 .bss           0x0000000000000000        0x0 c:/st/stm32cubeide_1.12.0/stm32cubeide/plugins/com.st.stm32cube.ide.mcu.externaltools.gnu-tools-for-stm32.10.3-2021.10.win32_1.0.200.202301161003/tools/bin/../lib/gcc/arm-none-eabi/10.3.1/../../../../arm-none-eabi/lib/thumb/v7-m/nofp\libc_nano.a(lib_a-impure.o)
 .data._impure_ptr
                0x0000000000000000        0x4 c:/st/stm32cubeide_1.12.0/stm32cubeide/plugins/com.st.stm32cube.ide.mcu.externaltools.gnu-tools-for-stm32.10.3-2021.10.win32_1.0.200.202301161003/tools/bin/../lib/gcc/arm-none-eabi/10.3.1/../../../../arm-none-eabi/lib/thumb/v7-m/nofp\libc_nano.a(lib_a-impure.o)
 .data.impure_data
                0x0000000000000000       0x60 c:/st/stm32cubeide_1.12.0/stm32cubeide/plugins/com.st.stm32cube.ide.mcu.externaltools.gnu-tools-for-stm32.10.3-2021.10.win32_1.0.200.202301161003/tools/bin/../lib/gcc/arm-none-eabi/10.3.1/../../../../arm-none-eabi/lib/thumb/v7-m/nofp\libc_nano.a(lib_a-impure.o)
 .rodata._global_impure_ptr
                0x0000000000000000        0x4 c:/st/stm32cubeide_1.12.0/stm32cubeide/plugins/com.st.stm32cube.ide.mcu.externaltools.gnu-tools-for-stm32.10.3-2021.10.win32_1.0.200.202301161003/tools/bin/../lib/gcc/arm-none-eabi/10.3.1/../../../../arm-none-eabi/lib/thumb/v7-m/nofp\libc_nano.a(lib_a-impure.o)
 .ARM.attributes
                0x0000000000000000       0x2d c:/st/stm32cubeide_1.12.0/stm32cubeide/plugins/com.st.stm32cube.ide.mcu.externaltools.gnu-tools-for-stm32.10.3-2021.10.win32_1.0.200.202301161003/tools/bin/../lib/gcc/arm-none-eabi/10.3.1/../../../../arm-none-eabi/lib/thumb/v7-m/nofp\libc_nano.a(lib_a-impure.o)
 .text          0x0000000000000000        0x0 c:/st/stm32cubeide_1.12.0/stm32cubeide/plugins/com.st.stm32cube.ide.mcu.externaltools.gnu-tools-for-stm32.10.3-2021.10.win32_1.0.200.202301161003/tools/bin/../lib/gcc/arm-none-eabi/10.3.1/../../../../arm-none-eabi/lib/thumb/v7-m/nofp\libc_nano.a(lib_a-init.o)
 .data          0x0000000000000000        0x0 c:/st/stm32cubeide_1.12.0/stm32cubeide/plugins/com.st.stm32cube.ide.mcu.externaltools.gnu-tools-for-stm32.10.3-2021.10.win32_1.0.200.202301161003/tools/bin/../lib/gcc/arm-none-eabi/10.3.1/../../../../arm-none-eabi/lib/thumb/v7-m/nofp\libc_nano.a(lib_a-init.o)
 .bss           0x0000000000000000        0x0 c:/st/stm32cubeide_1.12.0/stm32cubeide/plugins/com.st.stm32cube.ide.mcu.externaltools.gnu-tools-for-stm32.10.3-2021.10.win32_1.0.200.202301161003/tools/bin/../lib/gcc/arm-none-eabi/10.3.1/../../../../arm-none-eabi/lib/thumb/v7-m/nofp\libc_nano.a(lib_a-init.o)
 .text          0x0000000000000000        0x0 c:/st/stm32cubeide_1.12.0/stm32cubeide/plugins/com.st.stm32cube.ide.mcu.externaltools.gnu-tools-for-stm32.10.3-2021.10.win32_1.0.200.202301161003/tools/bin/../lib/gcc/arm-none-eabi/10.3.1/../../../../arm-none-eabi/lib/thumb/v7-m/nofp\libc_nano.a(lib_a-memset.o)
 .data          0x0000000000000000        0x0 c:/st/stm32cubeide_1.12.0/stm32cubeide/plugins/com.st.stm32cube.ide.mcu.externaltools.gnu-tools-for-stm32.10.3-2021.10.win32_1.0.200.202301161003/tools/bin/../lib/gcc/arm-none-eabi/10.3.1/../../../../arm-none-eabi/lib/thumb/v7-m/nofp\libc_nano.a(lib_a-memset.o)
 .bss           0x0000000000000000        0x0 c:/st/stm32cubeide_1.12.0/stm32cubeide/plugins/com.st.stm32cube.ide.mcu.externaltools.gnu-tools-for-stm32.10.3-2021.10.win32_1.0.200.202301161003/tools/bin/../lib/gcc/arm-none-eabi/10.3.1/../../../../arm-none-eabi/lib/thumb/v7-m/nofp\libc_nano.a(lib_a-memset.o)
 .text.memset   0x0000000000000000       0x10 c:/st/stm32cubeide_1.12.0/stm32cubeide/plugins/com.st.stm32cube.ide.mcu.externaltools.gnu-tools-for-stm32.10.3-2021.10.win32_1.0.200.202301161003/tools/bin/../lib/gcc/arm-none-eabi/10.3.1/../../../../arm-none-eabi/lib/thumb/v7-m/nofp\libc_nano.a(lib_a-memset.o)
 .debug_frame   0x0000000000000000       0x20 c:/st/stm32cubeide_1.12.0/stm32cubeide/plugins/com.st.stm32cube.ide.mcu.externaltools.gnu-tools-for-stm32.10.3-2021.10.win32_1.0.200.202301161003/tools/bin/../lib/gcc/arm-none-eabi/10.3.1/../../../../arm-none-eabi/lib/thumb/v7-m/nofp\libc_nano.a(lib_a-memset.o)
 .ARM.attributes
                0x0000000000000000       0x2d c:/st/stm32cubeide_1.12.0/stm32cubeide/plugins/com.st.stm32cube.ide.mcu.externaltools.gnu-tools-for-stm32.10.3-2021.10.win32_1.0.200.202301161003/tools/bin/../lib/gcc/arm-none-eabi/10.3.1/../../../../arm-none-eabi/lib/thumb/v7-m/nofp\libc_nano.a(lib_a-memset.o)
 .text          0x0000000000000000        0x0 c:/st/stm32cubeide_1.12.0/stm32cubeide/plugins/com.st.stm32cube.ide.mcu.externaltools.gnu-tools-for-stm32.10.3-2021.10.win32_1.0.200.202301161003/tools/bin/../lib/gcc/arm-none-eabi/10.3.1/thumb/v7-m/nofp/crtend.o
 .data          0x0000000000000000        0x0 c:/st/stm32cubeide_1.12.0/stm32cubeide/plugins/com.st.stm32cube.ide.mcu.externaltools.gnu-tools-for-stm32.10.3-2021.10.win32_1.0.200.202301161003/tools/bin/../lib/gcc/arm-none-eabi/10.3.1/thumb/v7-m/nofp/crtend.o
 .bss           0x0000000000000000        0x0 c:/st/stm32cubeide_1.12.0/stm32cubeide/plugins/com.st.stm32cube.ide.mcu.externaltools.gnu-tools-for-stm32.10.3-2021.10.win32_1.0.200.202301161003/tools/bin/../lib/gcc/arm-none-eabi/10.3.1/thumb/v7-m/nofp/crtend.o
 .rodata        0x0000000000000000       0x24 c:/st/stm32cubeide_1.12.0/stm32cubeide/plugins/com.st.stm32cube.ide.mcu.externaltools.gnu-tools-for-stm32.10.3-2021.10.win32_1.0.200.202301161003/tools/bin/../lib/gcc/arm-none-eabi/10.3.1/thumb/v7-m/nofp/crtend.o
 .eh_frame      0x0000000000000000        0x4 c:/st/stm32cubeide_1.12.0/stm32cubeide/plugins/com.st.stm32cube.ide.mcu.externaltools.gnu-tools-for-stm32.10.3-2021.10.win32_1.0.200.202301161003/tools/bin/../lib/gcc/arm-none-eabi/10.3.1/thumb/v7-m/nofp/crtend.o
 .ARM.attributes
                0x0000000000000000       0x2d c:/st/stm32cubeide_1.12.0/stm32cubeide/plugins/com.st.stm32cube.ide.mcu.externaltools.gnu-tools-for-stm32.10.3-2021.10.win32_1.0.200.202301161003/tools/bin/../lib/gcc/arm-none-eabi/10.3.1/thumb/v7-m/nofp/crtend.o
 .text          0x0000000000000000        0x0 c:/st/stm32cubeide_1.12.0/stm32cubeide/plugins/com.st.stm32cube.ide.mcu.externaltools.gnu-tools-for-stm32.10.3-2021.10.win32_1.0.200.202301161003/tools/bin/../lib/gcc/arm-none-eabi/10.3.1/thumb/v7-m/nofp/crtn.o
 .data          0x0000000000000000        0x0 c:/st/stm32cubeide_1.12.0/stm32cubeide/plugins/com.st.stm32cube.ide.mcu.externaltools.gnu-tools-for-stm32.10.3-2021.10.win32_1.0.200.202301161003/tools/bin/../lib/gcc/arm-none-eabi/10.3.1/thumb/v7-m/nofp/crtn.o
 .bss           0x0000000000000000        0x0 c:/st/stm32cubeide_1.12.0/stm32cubeide/plugins/com.st.stm32cube.ide.mcu.externaltools.gnu-tools-for-stm32.10.3-2021.10.win32_1.0.200.202301161003/tools/bin/../lib/gcc/arm-none-eabi/10.3.1/thumb/v7-m/nofp/crtn.o

Memory Configuration

Name             Origin             Length             Attributes
RAM              0x0000000020000000 0x0000000000002800 xrw
FLASH            0x0000000008000000 0x0000000000008000 xr
*default*        0x0000000000000000 0xffffffffffffffff

Linker script and memory map

LOAD c:/st/stm32cubeide_1.12.0/stm32cubeide/plugins/com.st.stm32cube.ide.mcu.externaltools.gnu-tools-for-stm32.10.3-2021.10.win32_1.0.200.202301161003/tools/bin/../lib/gcc/arm-none-eabi/10.3.1/thumb/v7-m/nofp/crti.o
LOAD c:/st/stm32cubeide_1.12.0/stm32cubeide/plugins/com.st.stm32cube.ide.mcu.externaltools.gnu-tools-for-stm32.10.3-2021.10.win32_1.0.200.202301161003/tools/bin/../lib/gcc/arm-none-eabi/10.3.1/thumb/v7-m/nofp/crtbegin.o
LOAD c:/st/stm32cubeide_1.12.0/stm32cubeide/plugins/com.st.stm32cube.ide.mcu.externaltools.gnu-tools-for-stm32.10.3-2021.10.win32_1.0.200.202301161003/tools/bin/../lib/gcc/arm-none-eabi/10.3.1/../../../../arm-none-eabi/lib/thumb/v7-m/nofp/crt0.o
LOAD ./HAL/MOTOR/MOTOR.o
LOAD ./MCAL/GPIO/GPIO.o
LOAD ./MCAL/RCC/RCC.o
LOAD ./MCAL/USART/USART.o
LOAD ./Src/main.o
LOAD ./Src/syscalls.o
LOAD ./Src/sysmem.o
LOAD ./Startup/startup_stm32f103c6tx.o
START GROUP
LOAD c:/st/stm32cubeide_1.12.0/stm32cubeide/plugins/com.st.stm32cube.ide.mcu.externaltools.gnu-tools-for-stm32.10.3-2021.10.win32_1.0.200.202301161003/tools/bin/../lib/gcc/arm-none-eabi/10.3.1/../../../../arm-none-eabi/lib/thumb/v7-m/nofp\libc_nano.a
LOAD c:/st/stm32cubeide_1.12.0/stm32cubeide/plugins/com.st.stm32cube.ide.mcu.externaltools.gnu-tools-for-stm32.10.3-2021.10.win32_1.0.200.202301161003/tools/bin/../lib/gcc/arm-none-eabi/10.3.1/../../../../arm-none-eabi/lib/thumb/v7-m/nofp\libm.a
END GROUP
START GROUP
LOAD c:/st/stm32cubeide_1.12.0/stm32cubeide/plugins/com.st.stm32cube.ide.mcu.externaltools.gnu-tools-for-stm32.10.3-2021.10.win32_1.0.200.202301161003/tools/bin/../lib/gcc/arm-none-eabi/10.3.1/thumb/v7-m/nofp\libgcc.a
LOAD c:/st/stm32cubeide_1.12.0/stm32cubeide/plugins/com.st.stm32cube.ide.mcu.externaltools.gnu-tools-for-stm32.10.3-2021.10.win32_1.0.200.202301161003/tools/bin/../lib/gcc/arm-none-eabi/10.3.1/../../../../arm-none-eabi/lib/thumb/v7-m/nofp\libc_nano.a
END GROUP
START GROUP
LOAD c:/st/stm32cubeide_1.12.0/stm32cubeide/plugins/com.st.stm32cube.ide.mcu.externaltools.gnu-tools-for-stm32.10.3-2021.10.win32_1.0.200.202301161003/tools/bin/../lib/gcc/arm-none-eabi/10.3.1/thumb/v7-m/nofp\libgcc.a
LOAD c:/st/stm32cubeide_1.12.0/stm32cubeide/plugins/com.st.stm32cube.ide.mcu.externaltools.gnu-tools-for-stm32.10.3-2021.10.win32_1.0.200.202301161003/tools/bin/../lib/gcc/arm-none-eabi/10.3.1/../../../../arm-none-eabi/lib/thumb/v7-m/nofp\libc_nano.a
LOAD c:/st/stm32cubeide_1.12.0/stm32cubeide/plugins/com.st.stm32cube.ide.mcu.externaltools.gnu-tools-for-stm32.10.3-2021.10.win32_1.0.200.202301161003/tools/bin/../lib/gcc/arm-none-eabi/10.3.1/../../../../arm-none-eabi/lib/thumb/v7-m/nofp\libnosys.a
END GROUP
START GROUP
LOAD c:/st/stm32cubeide_1.12.0/stm32cubeide/plugins/com.st.stm32cube.ide.mcu.externaltools.gnu-tools-for-stm32.10.3-2021.10.win32_1.0.200.202301161003/tools/bin/../lib/gcc/arm-none-eabi/10.3.1/thumb/v7-m/nofp\libgcc.a
LOAD c:/st/stm32cubeide_1.12.0/stm32cubeide/plugins/com.st.stm32cube.ide.mcu.externaltools.gnu-tools-for-stm32.10.3-2021.10.win32_1.0.200.202301161003/tools/bin/../lib/gcc/arm-none-eabi/10.3.1/../../../../arm-none-eabi/lib/thumb/v7-m/nofp\libc_nano.a
LOAD c:/st/stm32cubeide_1.12.0/stm32cubeide/plugins/com.st.stm32cube.ide.mcu.externaltools.gnu-tools-for-stm32.10.3-2021.10.win32_1.0.200.202301161003/tools/bin/../lib/gcc/arm-none-eabi/10.3.1/../../../../arm-none-eabi/lib/thumb/v7-m/nofp\libnosys.a
END GROUP
LOAD c:/st/stm32cubeide_1.12.0/stm32cubeide/plugins/com.st.stm32cube.ide.mcu.externaltools.gnu-tools-for-stm32.10.3-2021.10.win32_1.0.200.202301161003/tools/bin/../lib/gcc/arm-none-eabi/10.3.1/thumb/v7-m/nofp/crtend.o
LOAD c:/st/stm32cubeide_1.12.0/stm32cubeide/plugins/com.st.stm32cube.ide.mcu.externaltools.gnu-tools-for-stm32.10.3-2021.10.win32_1.0.200.202301161003/tools/bin/../lib/gcc/arm-none-eabi/10.3.1/thumb/v7-m/nofp/crtn.o
                0x0000000020002800                _estack = (ORIGIN (RAM) + LENGTH (RAM))
                0x0000000000000200                _Min_Heap_Size = 0x200
                0x0000000000000400                _Min_Stack_Size = 0x400

.isr_vector     0x0000000008000000      0x130
                0x0000000008000000                . = ALIGN (0x4)
 *(.isr_vector)
 .isr_vector    0x0000000008000000      0x130 ./Startup/startup_stm32f103c6tx.o
                0x0000000008000000                g_pfnVectors
                0x0000000008000130                . = ALIGN (0x4)

.text           0x0000000008000130      0xbf4
                0x0000000008000130                . = ALIGN (0x4)
 *(.text)
 .text          0x0000000008000130       0x40 c:/st/stm32cubeide_1.12.0/stm32cubeide/plugins/com.st.stm32cube.ide.mcu.externaltools.gnu-tools-for-stm32.10.3-2021.10.win32_1.0.200.202301161003/tools/bin/../lib/gcc/arm-none-eabi/10.3.1/thumb/v7-m/nofp/crtbegin.o
 *(.text*)
 .text.wait_ms  0x0000000008000170       0x3a ./HAL/MOTOR/MOTOR.o
 *fill*         0x00000000080001aa        0x2 
 .text.HAL_MOTORS_Init
                0x00000000080001ac       0x6c ./HAL/MOTOR/MOTOR.o
                0x00000000080001ac                HAL_MOTORS_Init
 .text.forword  0x0000000008000218       0x34 ./HAL/MOTOR/MOTOR.o
                0x0000000008000218                forword
 .text.BACK     0x000000000800024c       0x34 ./HAL/MOTOR/MOTOR.o
                0x000000000800024c                BACK
 .text.RIGHT    0x0000000008000280       0x40 ./HAL/MOTOR/MOTOR.o
                0x0000000008000280                RIGHT
 .text.LEFT     0x00000000080002c0       0x40 ./HAL/MOTOR/MOTOR.o
                0x00000000080002c0                LEFT
 .text.Get_Bit_Location
                0x0000000008000300      0x170 ./MCAL/GPIO/GPIO.o
                0x0000000008000300                Get_Bit_Location
 .text.MCAL_GPIO_Init
                0x0000000008000470       0xf8 ./MCAL/GPIO/GPIO.o
                0x0000000008000470                MCAL_GPIO_Init
 .text.MCAL_GPIO_WritePin
                0x0000000008000568       0x2e ./MCAL/GPIO/GPIO.o
                0x0000000008000568                MCAL_GPIO_WritePin
 *fill*         0x0000000008000596        0x2 
 .text.MCAL_RCC_GetSYS_CLKFreq
                0x0000000008000598       0x40 ./MCAL/RCC/RCC.o
                0x0000000008000598                MCAL_RCC_GetSYS_CLKFreq
 .text.MCAL_RCC_Get_HCLKFreq
                0x00000000080005d8       0x28 ./MCAL/RCC/RCC.o
                0x00000000080005d8                MCAL_RCC_Get_HCLKFreq
 .text.MCAL_RCC_Get_PCLK1Freq
                0x0000000008000600       0x28 ./MCAL/RCC/RCC.o
                0x0000000008000600                MCAL_RCC_Get_PCLK1Freq
 .text.MCAL_RCC_Get_PCLK2Freq
                0x0000000008000628       0x28 ./MCAL/RCC/RCC.o
                0x0000000008000628                MCAL_RCC_Get_PCLK2Freq
 .text.MCAL_UART_Init
                0x0000000008000650      0x190 ./MCAL/USART/USART.o
                0x0000000008000650                MCAL_UART_Init
 .text.MCAL_UART_ReceiveData
                0x00000000080007e0      0x16c ./MCAL/USART/USART.o
                0x00000000080007e0                MCAL_UART_ReceiveData
 .text.MCAL_UART_GPIO_Set_Pins
                0x000000000800094c      0x1f0 ./MCAL/USART/USART.o
                0x000000000800094c                MCAL_UART_GPIO_Set_Pins
 .text.USART1_IRQHandler
                0x0000000008000b3c       0x14 ./MCAL/USART/USART.o
                0x0000000008000b3c                USART1_IRQHandler
 .text.USART2_IRQHandler
                0x0000000008000b50       0x14 ./MCAL/USART/USART.o
                0x0000000008000b50                USART2_IRQHandler
 .text.USART3_IRQHandler
                0x0000000008000b64       0x14 ./MCAL/USART/USART.o
                0x0000000008000b64                USART3_IRQHandler
 .text.clock_init
                0x0000000008000b78       0x28 ./Src/main.o
                0x0000000008000b78                clock_init
 .text.USART1_CallBack
                0x0000000008000ba0       0x78 ./Src/main.o
                0x0000000008000ba0                USART1_CallBack
 .text.main     0x0000000008000c18       0x58 ./Src/main.o
                0x0000000008000c18                main
 .text.Reset_Handler
                0x0000000008000c70       0x50 ./Startup/startup_stm32f103c6tx.o
                0x0000000008000c70                Reset_Handler
 .text.Default_Handler
                0x0000000008000cc0        0x2 ./Startup/startup_stm32f103c6tx.o
                0x0000000008000cc0                EXTI2_IRQHandler
                0x0000000008000cc0                TIM8_TRG_COM_IRQHandler
                0x0000000008000cc0                TIM8_CC_IRQHandler
                0x0000000008000cc0                DebugMon_Handler
                0x0000000008000cc0                TIM1_CC_IRQHandler
                0x0000000008000cc0                HardFault_Handler
                0x0000000008000cc0                TIM6_IRQHandler
                0x0000000008000cc0                SysTick_Handler
                0x0000000008000cc0                PVD_IRQHandler
                0x0000000008000cc0                SDIO_IRQHandler
                0x0000000008000cc0                PendSV_Handler
                0x0000000008000cc0                NMI_Handler
                0x0000000008000cc0                EXTI3_IRQHandler
                0x0000000008000cc0                USB_HP_CAN_TX_IRQHandler
                0x0000000008000cc0                EXTI0_IRQHandler
                0x0000000008000cc0                I2C2_EV_IRQHandler
                0x0000000008000cc0                UsageFault_Handler
                0x0000000008000cc0                ADC1_2_IRQHandler
                0x0000000008000cc0                SPI1_IRQHandler
                0x0000000008000cc0                CAN_SCE_IRQHandler
                0x0000000008000cc0                TAMPER_IRQHandler
                0x0000000008000cc0                TIM8_UP_IRQHandler
                0x0000000008000cc0                DMA2_Channel2_IRQHandler
                0x0000000008000cc0                DMA1_Channel4_IRQHandler
                0x0000000008000cc0                RTC_IRQHandler
                0x0000000008000cc0                DMA1_Channel7_IRQHandler
                0x0000000008000cc0                UART5_IRQHandler
                0x0000000008000cc0                ADC3_IRQHandler
                0x0000000008000cc0                TIM4_IRQHandler
                0x0000000008000cc0                CAN_RX1_IRQHandler
                0x0000000008000cc0                DMA2_Channel1_IRQHandler
                0x0000000008000cc0                I2C1_EV_IRQHandler
                0x0000000008000cc0                DMA1_Channel6_IRQHandler
                0x0000000008000cc0                UART4_IRQHandler
                0x0000000008000cc0                TIM3_IRQHandler
                0x0000000008000cc0                RCC_IRQHandler
                0x0000000008000cc0                TIM1_TRG_COM_IRQHandler
                0x0000000008000cc0                DMA1_Channel1_IRQHandler
                0x0000000008000cc0                Default_Handler
                0x0000000008000cc0                EXTI15_10_IRQHandler
                0x0000000008000cc0                TIM7_IRQHandler
                0x0000000008000cc0                TIM5_IRQHandler
                0x0000000008000cc0                EXTI9_5_IRQHandler
                0x0000000008000cc0                SPI2_IRQHandler
                0x0000000008000cc0                USB_LP_CAN_RX0_IRQHandler
                0x0000000008000cc0                MemManage_Handler
                0x0000000008000cc0                SVC_Handler
                0x0000000008000cc0                DMA1_Channel5_IRQHandler
                0x0000000008000cc0                EXTI4_IRQHandler
                0x0000000008000cc0                DMA1_Channel3_IRQHandler
                0x0000000008000cc0                FSMC_IRQHandler
                0x0000000008000cc0                TIM1_UP_IRQHandler
                0x0000000008000cc0                WWDG_IRQHandler
                0x0000000008000cc0                TIM2_IRQHandler
                0x0000000008000cc0                TIM1_BRK_IRQHandler
                0x0000000008000cc0                EXTI1_IRQHandler
                0x0000000008000cc0                RTCAlarm_IRQHandler
                0x0000000008000cc0                DMA2_Channel4_5_IRQHandler
                0x0000000008000cc0                I2C2_ER_IRQHandler
                0x0000000008000cc0                DMA1_Channel2_IRQHandler
                0x0000000008000cc0                TIM8_BRK_IRQHandler
                0x0000000008000cc0                FLASH_IRQHandler
                0x0000000008000cc0                BusFault_Handler
                0x0000000008000cc0                SPI3_IRQHandler
                0x0000000008000cc0                I2C1_ER_IRQHandler
                0x0000000008000cc0                DMA2_Channel3_IRQHandler
 *fill*         0x0000000008000cc2        0x2 
 .text.__libc_init_array
                0x0000000008000cc4       0x48 c:/st/stm32cubeide_1.12.0/stm32cubeide/plugins/com.st.stm32cube.ide.mcu.externaltools.gnu-tools-for-stm32.10.3-2021.10.win32_1.0.200.202301161003/tools/bin/../lib/gcc/arm-none-eabi/10.3.1/../../../../arm-none-eabi/lib/thumb/v7-m/nofp\libc_nano.a(lib_a-init.o)
                0x0000000008000cc4                __libc_init_array
 *(.glue_7)
 .glue_7        0x0000000008000d0c        0x0 linker stubs
 *(.glue_7t)
 .glue_7t       0x0000000008000d0c        0x0 linker stubs
 *(.eh_frame)
 .eh_frame      0x0000000008000d0c        0x0 c:/st/stm32cubeide_1.12.0/stm32cubeide/plugins/com.st.stm32cube.ide.mcu.externaltools.gnu-tools-for-stm32.10.3-2021.10.win32_1.0.200.202301161003/tools/bin/../lib/gcc/arm-none-eabi/10.3.1/thumb/v7-m/nofp/crtbegin.o
 *(.init)
 .init          0x0000000008000d0c        0x4 c:/st/stm32cubeide_1.12.0/stm32cubeide/plugins/com.st.stm32cube.ide.mcu.externaltools.gnu-tools-for-stm32.10.3-2021.10.win32_1.0.200.202301161003/tools/bin/../lib/gcc/arm-none-eabi/10.3.1/thumb/v7-m/nofp/crti.o
                0x0000000008000d0c                _init
 .init          0x0000000008000d10        0x8 c:/st/stm32cubeide_1.12.0/stm32cubeide/plugins/com.st.stm32cube.ide.mcu.externaltools.gnu-tools-for-stm32.10.3-2021.10.win32_1.0.200.202301161003/tools/bin/../lib/gcc/arm-none-eabi/10.3.1/thumb/v7-m/nofp/crtn.o
 *(.fini)
 .fini          0x0000000008000d18        0x4 c:/st/stm32cubeide_1.12.0/stm32cubeide/plugins/com.st.stm32cube.ide.mcu.externaltools.gnu-tools-for-stm32.10.3-2021.10.win32_1.0.200.202301161003/tools/bin/../lib/gcc/arm-none-eabi/10.3.1/thumb/v7-m/nofp/crti.o
                0x0000000008000d18                _fini
 .fini          0x0000000008000d1c        0x8 c:/st/stm32cubeide_1.12.0/stm32cubeide/plugins/com.st.stm32cube.ide.mcu.externaltools.gnu-tools-for-stm32.10.3-2021.10.win32_1.0.200.202301161003/tools/bin/../lib/gcc/arm-none-eabi/10.3.1/thumb/v7-m/nofp/crtn.o
                0x0000000008000d24                . = ALIGN (0x4)
                0x0000000008000d24                _etext = .

.vfp11_veneer   0x0000000008000d24        0x0
 .vfp11_veneer  0x0000000008000d24        0x0 linker stubs

.v4_bx          0x0000000008000d24        0x0
 .v4_bx         0x0000000008000d24        0x0 linker stubs

.iplt           0x0000000008000d24        0x0
 .iplt          0x0000000008000d24        0x0 c:/st/stm32cubeide_1.12.0/stm32cubeide/plugins/com.st.stm32cube.ide.mcu.externaltools.gnu-tools-for-stm32.10.3-2021.10.win32_1.0.200.202301161003/tools/bin/../lib/gcc/arm-none-eabi/10.3.1/thumb/v7-m/nofp/crtbegin.o

.rodata         0x0000000008000d24       0x18
                0x0000000008000d24                . = ALIGN (0x4)
 *(.rodata)
 *(.rodata*)
 .rodata.APBPrescTable
                0x0000000008000d24        0x8 ./MCAL/RCC/RCC.o
                0x0000000008000d24                APBPrescTable
 .rodata.AHBPrescTable
                0x0000000008000d2c       0x10 ./MCAL/RCC/RCC.o
                0x0000000008000d2c                AHBPrescTable
                0x0000000008000d3c                . = ALIGN (0x4)

.rel.dyn        0x0000000008000d3c        0x0
 .rel.iplt      0x0000000008000d3c        0x0 c:/st/stm32cubeide_1.12.0/stm32cubeide/plugins/com.st.stm32cube.ide.mcu.externaltools.gnu-tools-for-stm32.10.3-2021.10.win32_1.0.200.202301161003/tools/bin/../lib/gcc/arm-none-eabi/10.3.1/thumb/v7-m/nofp/crtbegin.o

.ARM.extab      0x0000000008000d3c        0x0
                0x0000000008000d3c                . = ALIGN (0x4)
 *(.ARM.extab* .gnu.linkonce.armextab.*)
                0x0000000008000d3c                . = ALIGN (0x4)

.ARM            0x0000000008000d3c        0x0
                0x0000000008000d3c                . = ALIGN (0x4)
                0x0000000008000d3c                __exidx_start = .
 *(.ARM.exidx*)
                0x0000000008000d3c                __exidx_end = .
                0x0000000008000d3c                . = ALIGN (0x4)

.preinit_array  0x0000000008000d3c        0x0
                0x0000000008000d3c                . = ALIGN (0x4)
                0x0000000008000d3c                PROVIDE (__preinit_array_start = .)
 *(.preinit_array*)
                0x0000000008000d3c                PROVIDE (__preinit_array_end = .)
                0x0000000008000d3c                . = ALIGN (0x4)

.init_array     0x0000000008000d3c        0x4
                0x0000000008000d3c                . = ALIGN (0x4)
                0x0000000008000d3c                PROVIDE (__init_array_start = .)
 *(SORT_BY_NAME(.init_array.*))
 *(.init_array*)
 .init_array    0x0000000008000d3c        0x4 c:/st/stm32cubeide_1.12.0/stm32cubeide/plugins/com.st.stm32cube.ide.mcu.externaltools.gnu-tools-for-stm32.10.3-2021.10.win32_1.0.200.202301161003/tools/bin/../lib/gcc/arm-none-eabi/10.3.1/thumb/v7-m/nofp/crtbegin.o
                0x0000000008000d40                PROVIDE (__init_array_end = .)
                0x0000000008000d40                . = ALIGN (0x4)

.fini_array     0x0000000008000d40        0x4
                0x0000000008000d40                . = ALIGN (0x4)
                [!provide]                        PROVIDE (__fini_array_start = .)
 *(SORT_BY_NAME(.fini_array.*))
 *(.fini_array*)
 .fini_array    0x0000000008000d40        0x4 c:/st/stm32cubeide_1.12.0/stm32cubeide/plugins/com.st.stm32cube.ide.mcu.externaltools.gnu-tools-for-stm32.10.3-2021.10.win32_1.0.200.202301161003/tools/bin/../lib/gcc/arm-none-eabi/10.3.1/thumb/v7-m/nofp/crtbegin.o
                [!provide]                        PROVIDE (__fini_array_end = .)
                0x0000000008000d44                . = ALIGN (0x4)
                0x0000000008000d44                _sidata = LOADADDR (.data)

.data           0x0000000020000000        0x0 load address 0x0000000008000d44
                0x0000000020000000                . = ALIGN (0x4)
                0x0000000020000000                _sdata = .
 *(.data)
 *(.data*)
 *(.RamFunc)
 *(.RamFunc*)
                0x0000000020000000                . = ALIGN (0x4)
                0x0000000020000000                _edata = .

.igot.plt       0x0000000020000000        0x0 load address 0x0000000008000d44
 .igot.plt      0x0000000020000000        0x0 c:/st/stm32cubeide_1.12.0/stm32cubeide/plugins/com.st.stm32cube.ide.mcu.externaltools.gnu-tools-for-stm32.10.3-2021.10.win32_1.0.200.202301161003/tools/bin/../lib/gcc/arm-none-eabi/10.3.1/thumb/v7-m/nofp/crtbegin.o
                0x0000000020000000                . = ALIGN (0x4)

.bss            0x0000000020000000       0x2c load address 0x0000000008000d44
                0x0000000020000000                _sbss = .
                0x0000000020000000                __bss_start__ = _sbss
 *(.bss)
 .bss           0x0000000020000000       0x1c c:/st/stm32cubeide_1.12.0/stm32cubeide/plugins/com.st.stm32cube.ide.mcu.externaltools.gnu-tools-for-stm32.10.3-2021.10.win32_1.0.200.202301161003/tools/bin/../lib/gcc/arm-none-eabi/10.3.1/thumb/v7-m/nofp/crtbegin.o
 *(.bss*)
 .bss.Global_USART_Config
                0x000000002000001c        0xc ./MCAL/USART/USART.o
                0x000000002000001c                Global_USART_Config
 .bss.data      0x0000000020000028        0x1 ./Src/main.o
                0x0000000020000028                data
 *(COMMON)
                0x000000002000002c                . = ALIGN (0x4)
 *fill*         0x0000000020000029        0x3 
                0x000000002000002c                _ebss = .
                0x000000002000002c                __bss_end__ = _ebss

._user_heap_stack
                0x000000002000002c      0x604 load address 0x0000000008000d44
                0x0000000020000030                . = ALIGN (0x8)
 *fill*         0x000000002000002c        0x4 
                [!provide]                        PROVIDE (end = .)
                0x0000000020000030                PROVIDE (_end = .)
                0x0000000020000230                . = (. + _Min_Heap_Size)
 *fill*         0x0000000020000030      0x200 
                0x0000000020000630                . = (. + _Min_Stack_Size)
 *fill*         0x0000000020000230      0x400 
                0x0000000020000630                . = ALIGN (0x8)

/DISCARD/
 libc.a(*)
 libm.a(*)
 libgcc.a(*)

.ARM.attributes
                0x0000000000000000       0x29
 *(.ARM.attributes)
 .ARM.attributes
                0x0000000000000000       0x1d c:/st/stm32cubeide_1.12.0/stm32cubeide/plugins/com.st.stm32cube.ide.mcu.externaltools.gnu-tools-for-stm32.10.3-2021.10.win32_1.0.200.202301161003/tools/bin/../lib/gcc/arm-none-eabi/10.3.1/thumb/v7-m/nofp/crti.o
 .ARM.attributes
                0x000000000000001d       0x2d c:/st/stm32cubeide_1.12.0/stm32cubeide/plugins/com.st.stm32cube.ide.mcu.externaltools.gnu-tools-for-stm32.10.3-2021.10.win32_1.0.200.202301161003/tools/bin/../lib/gcc/arm-none-eabi/10.3.1/thumb/v7-m/nofp/crtbegin.o
 .ARM.attributes
                0x000000000000004a       0x2d ./HAL/MOTOR/MOTOR.o
 .ARM.attributes
                0x0000000000000077       0x2d ./MCAL/GPIO/GPIO.o
 .ARM.attributes
                0x00000000000000a4       0x2d ./MCAL/RCC/RCC.o
 .ARM.attributes
                0x00000000000000d1       0x2d ./MCAL/USART/USART.o
 .ARM.attributes
                0x00000000000000fe       0x2d ./Src/main.o
 .ARM.attributes
                0x000000000000012b       0x21 ./Startup/startup_stm32f103c6tx.o
 .ARM.attributes
                0x000000000000014c       0x2d c:/st/stm32cubeide_1.12.0/stm32cubeide/plugins/com.st.stm32cube.ide.mcu.externaltools.gnu-tools-for-stm32.10.3-2021.10.win32_1.0.200.202301161003/tools/bin/../lib/gcc/arm-none-eabi/10.3.1/../../../../arm-none-eabi/lib/thumb/v7-m/nofp\libc_nano.a(lib_a-init.o)
 .ARM.attributes
                0x0000000000000179       0x1d c:/st/stm32cubeide_1.12.0/stm32cubeide/plugins/com.st.stm32cube.ide.mcu.externaltools.gnu-tools-for-stm32.10.3-2021.10.win32_1.0.200.202301161003/tools/bin/../lib/gcc/arm-none-eabi/10.3.1/thumb/v7-m/nofp/crtn.o
OUTPUT(Smart_Driven_Car.elf elf32-littlearm)
LOAD linker stubs
LOAD c:/st/stm32cubeide_1.12.0/stm32cubeide/plugins/com.st.stm32cube.ide.mcu.externaltools.gnu-tools-for-stm32.10.3-2021.10.win32_1.0.200.202301161003/tools/bin/../lib/gcc/arm-none-eabi/10.3.1/../../../../arm-none-eabi/lib/thumb/v7-m/nofp\libc.a
LOAD c:/st/stm32cubeide_1.12.0/stm32cubeide/plugins/com.st.stm32cube.ide.mcu.externaltools.gnu-tools-for-stm32.10.3-2021.10.win32_1.0.200.202301161003/tools/bin/../lib/gcc/arm-none-eabi/10.3.1/../../../../arm-none-eabi/lib/thumb/v7-m/nofp\libm.a
LOAD c:/st/stm32cubeide_1.12.0/stm32cubeide/plugins/com.st.stm32cube.ide.mcu.externaltools.gnu-tools-for-stm32.10.3-2021.10.win32_1.0.200.202301161003/tools/bin/../lib/gcc/arm-none-eabi/10.3.1/thumb/v7-m/nofp\libgcc.a

.debug_info     0x0000000000000000     0x117e
 .debug_info    0x0000000000000000      0x274 ./HAL/MOTOR/MOTOR.o
 .debug_info    0x0000000000000274      0x439 ./MCAL/GPIO/GPIO.o
 .debug_info    0x00000000000006ad      0x1f5 ./MCAL/RCC/RCC.o
 .debug_info    0x00000000000008a2      0x526 ./MCAL/USART/USART.o
 .debug_info    0x0000000000000dc8      0x394 ./Src/main.o
 .debug_info    0x000000000000115c       0x22 ./Startup/startup_stm32f103c6tx.o

.debug_abbrev   0x0000000000000000      0x662
 .debug_abbrev  0x0000000000000000      0x11a ./HAL/MOTOR/MOTOR.o
 .debug_abbrev  0x000000000000011a      0x122 ./MCAL/GPIO/GPIO.o
 .debug_abbrev  0x000000000000023c       0xd8 ./MCAL/RCC/RCC.o
 .debug_abbrev  0x0000000000000314      0x1b9 ./MCAL/USART/USART.o
 .debug_abbrev  0x00000000000004cd      0x183 ./Src/main.o
 .debug_abbrev  0x0000000000000650       0x12 ./Startup/startup_stm32f103c6tx.o

.debug_aranges  0x0000000000000000      0x1a8
 .debug_aranges
                0x0000000000000000       0x50 ./HAL/MOTOR/MOTOR.o
 .debug_aranges
                0x0000000000000050       0x60 ./MCAL/GPIO/GPIO.o
 .debug_aranges
                0x00000000000000b0       0x38 ./MCAL/RCC/RCC.o
 .debug_aranges
                0x00000000000000e8       0x60 ./MCAL/USART/USART.o
 .debug_aranges
                0x0000000000000148       0x38 ./Src/main.o
 .debug_aranges
                0x0000000000000180       0x28 ./Startup/startup_stm32f103c6tx.o

.debug_ranges   0x0000000000000000      0x150
 .debug_ranges  0x0000000000000000       0x40 ./HAL/MOTOR/MOTOR.o
 .debug_ranges  0x0000000000000040       0x50 ./MCAL/GPIO/GPIO.o
 .debug_ranges  0x0000000000000090       0x28 ./MCAL/RCC/RCC.o
 .debug_ranges  0x00000000000000b8       0x50 ./MCAL/USART/USART.o
 .debug_ranges  0x0000000000000108       0x28 ./Src/main.o
 .debug_ranges  0x0000000000000130       0x20 ./Startup/startup_stm32f103c6tx.o

.debug_macro    0x0000000000000000     0x25c3
 .debug_macro   0x0000000000000000      0x186 ./HAL/MOTOR/MOTOR.o
 .debug_macro   0x0000000000000186      0xa72 ./HAL/MOTOR/MOTOR.o
 .debug_macro   0x0000000000000bf8       0x18 ./HAL/MOTOR/MOTOR.o
 .debug_macro   0x0000000000000c10       0x22 ./HAL/MOTOR/MOTOR.o
 .debug_macro   0x0000000000000c32       0x4c ./HAL/MOTOR/MOTOR.o
 .debug_macro   0x0000000000000c7e       0x94 ./HAL/MOTOR/MOTOR.o
 .debug_macro   0x0000000000000d12       0x3c ./HAL/MOTOR/MOTOR.o
 .debug_macro   0x0000000000000d4e       0x34 ./HAL/MOTOR/MOTOR.o
 .debug_macro   0x0000000000000d82       0x16 ./HAL/MOTOR/MOTOR.o
 .debug_macro   0x0000000000000d98      0x10e ./HAL/MOTOR/MOTOR.o
 .debug_macro   0x0000000000000ea6       0x8d ./HAL/MOTOR/MOTOR.o
 .debug_macro   0x0000000000000f33       0x16 ./HAL/MOTOR/MOTOR.o
 .debug_macro   0x0000000000000f49       0x43 ./HAL/MOTOR/MOTOR.o
 .debug_macro   0x0000000000000f8c       0x57 ./HAL/MOTOR/MOTOR.o
 .debug_macro   0x0000000000000fe3       0x34 ./HAL/MOTOR/MOTOR.o
 .debug_macro   0x0000000000001017       0x10 ./HAL/MOTOR/MOTOR.o
 .debug_macro   0x0000000000001027       0x58 ./HAL/MOTOR/MOTOR.o
 .debug_macro   0x000000000000107f       0x71 ./HAL/MOTOR/MOTOR.o
 .debug_macro   0x00000000000010f0       0x1c ./HAL/MOTOR/MOTOR.o
 .debug_macro   0x000000000000110c      0x12a ./HAL/MOTOR/MOTOR.o
 .debug_macro   0x0000000000001236      0x341 ./HAL/MOTOR/MOTOR.o
 .debug_macro   0x0000000000001577       0x16 ./HAL/MOTOR/MOTOR.o
 .debug_macro   0x000000000000158d       0x29 ./HAL/MOTOR/MOTOR.o
 .debug_macro   0x00000000000015b6       0x16 ./HAL/MOTOR/MOTOR.o
 .debug_macro   0x00000000000015cc       0x35 ./HAL/MOTOR/MOTOR.o
 .debug_macro   0x0000000000001601       0x20 ./HAL/MOTOR/MOTOR.o
 .debug_macro   0x0000000000001621      0x103 ./HAL/MOTOR/MOTOR.o
 .debug_macro   0x0000000000001724       0x6a ./HAL/MOTOR/MOTOR.o
 .debug_macro   0x000000000000178e      0x1df ./HAL/MOTOR/MOTOR.o
 .debug_macro   0x000000000000196d      0x374 ./HAL/MOTOR/MOTOR.o
 .debug_macro   0x0000000000001ce1       0xd0 ./HAL/MOTOR/MOTOR.o
 .debug_macro   0x0000000000001db1      0x17c ./MCAL/GPIO/GPIO.o
 .debug_macro   0x0000000000001f2d      0x17c ./MCAL/RCC/RCC.o
 .debug_macro   0x00000000000020a9       0x10 ./MCAL/RCC/RCC.o
 .debug_macro   0x00000000000020b9      0x18e ./MCAL/USART/USART.o
 .debug_macro   0x0000000000002247       0xd6 ./MCAL/USART/USART.o
 .debug_macro   0x000000000000231d       0x16 ./MCAL/USART/USART.o
 .debug_macro   0x0000000000002333       0xee ./MCAL/USART/USART.o
 .debug_macro   0x0000000000002421      0x1a2 ./Src/main.o

.debug_line     0x0000000000000000     0x26f3
 .debug_line    0x0000000000000000      0x73a ./HAL/MOTOR/MOTOR.o
 .debug_line    0x000000000000073a      0x7ac ./MCAL/GPIO/GPIO.o
 .debug_line    0x0000000000000ee6      0x637 ./MCAL/RCC/RCC.o
 .debug_line    0x000000000000151d      0xa64 ./MCAL/USART/USART.o
 .debug_line    0x0000000000001f81      0x6ee ./Src/main.o
 .debug_line    0x000000000000266f       0x84 ./Startup/startup_stm32f103c6tx.o

.debug_str      0x0000000000000000     0x8ee6
 .debug_str     0x0000000000000000     0x8479 ./HAL/MOTOR/MOTOR.o
                                       0x8680 (size before relaxing)
 .debug_str     0x0000000000008479      0x121 ./MCAL/GPIO/GPIO.o
                                       0x8743 (size before relaxing)
 .debug_str     0x000000000000859a       0xce ./MCAL/RCC/RCC.o
                                       0x82ac (size before relaxing)
 .debug_str     0x0000000000008668      0x7c7 ./MCAL/USART/USART.o
                                       0x8e7b (size before relaxing)
 .debug_str     0x0000000000008e2f       0x51 ./Src/main.o
                                       0x8dac (size before relaxing)
 .debug_str     0x0000000000008e80       0x66 ./Startup/startup_stm32f103c6tx.o

.comment        0x0000000000000000       0x50
 .comment       0x0000000000000000       0x50 ./HAL/MOTOR/MOTOR.o
                                         0x51 (size before relaxing)
 .comment       0x0000000000000050       0x51 ./MCAL/GPIO/GPIO.o
 .comment       0x0000000000000050       0x51 ./MCAL/RCC/RCC.o
 .comment       0x0000000000000050       0x51 ./MCAL/USART/USART.o
 .comment       0x0000000000000050       0x51 ./Src/main.o

.debug_frame    0x0000000000000000      0x4ec
 .debug_frame   0x0000000000000000       0xe8 ./HAL/MOTOR/MOTOR.o
 .debug_frame   0x00000000000000e8      0x174 ./MCAL/GPIO/GPIO.o
 .debug_frame   0x000000000000025c       0x84 ./MCAL/RCC/RCC.o
 .debug_frame   0x00000000000002e0      0x14c ./MCAL/USART/USART.o
 .debug_frame   0x000000000000042c       0x94 ./Src/main.o
 .debug_frame   0x00000000000004c0       0x2c c:/st/stm32cubeide_1.12.0/stm32cubeide/plugins/com.st.stm32cube.ide.mcu.externaltools.gnu-tools-for-stm32.10.3-2021.10.win32_1.0.200.202301161003/tools/bin/../lib/gcc/arm-none-eabi/10.3.1/../../../../arm-none-eabi/lib/thumb/v7-m/nofp\libc_nano.a(lib_a-init.o)
